// Vitest Snapshot v1, https://vitest.dev/guide/snapshot.html

exports[`matches snapshot 1`] = `
<div>
  <div
    class="_container_7e3432"
    data-rac=""
  >
    <label
      class="react-aria-Label"
      for="react-aria-«ru»"
      id="react-aria-«rv»"
    >
      Label
    </label>
    <input
      aria-labelledby="react-aria-«rv»"
      class="_input_7e3432 _input--medium_7e3432"
      data-rac=""
      id="react-aria-«ru»"
      name="snapshot"
      placeholder="Text"
      tabindex="0"
      title=""
      type="text"
      value=""
    />
  </div>
</div>
`;
