// Vitest Snapshot v1, https://vitest.dev/guide/snapshot.html

exports[`matches snapshot 1`] = `
<div>
  <div
    class="_container_7e3432"
    data-rac=""
  >
    <label
      class="react-aria-Label"
      for="react-aria-«r14»"
      id="react-aria-«r16»"
    >
      Size
    </label>
    <div
      class="_container_9885f5"
      data-rac=""
      role="group"
    >
      <button
        aria-controls="react-aria-«r14»"
        aria-label="Decrease size"
        aria-labelledby="react-aria-«r1b» react-aria-«r16»"
        class="
        _button_4e4ded
        _button--small_4e4ded
        _button--secondary-contained_4e4ded
        _button--icon-only_4e4ded
      "
        data-rac=""
        data-testid="form-button"
        id="react-aria-«r1b»"
        slot="decrement"
        tabindex="-1"
        type="button"
      >
        <span
          class="
            _icon_4e4ded 
            
          "
        >
          <svg
            height="16"
            viewBox="0 0 16 16"
            width="16"
            xmlns="http://www.w3.org/2000/svg"
          >
            <path
              d="M3.33334 8.66668V7.33334H12.6667V8.66668H3.33334Z"
              fill="#1A1A1A"
            />
          </svg>
        </span>
      </button>
      <input
        aria-labelledby="react-aria-«r16»"
        aria-roledescription="Number field"
        autocomplete="off"
        autocorrect="off"
        class="_input_7e3432 _input--small_7e3432"
        data-rac=""
        id="react-aria-«r14»"
        inputmode="numeric"
        name="size"
        placeholder="Size"
        spellcheck="false"
        tabindex="0"
        title=""
        type="text"
        value="10"
      />
      <button
        aria-controls="react-aria-«r14»"
        aria-label="Increase size"
        aria-labelledby="react-aria-«r1a» react-aria-«r16»"
        class="
        _button_4e4ded
        _button--small_4e4ded
        _button--secondary-contained_4e4ded
        _button--icon-only_4e4ded
      "
        data-disabled="true"
        data-rac=""
        data-testid="form-button"
        disabled=""
        id="react-aria-«r1a»"
        slot="increment"
        tabindex="-1"
        type="button"
      >
        <span
          class="
            _icon_4e4ded 
            
          "
        >
          <svg
            height="16"
            viewBox="0 0 16 16"
            width="16"
            xmlns="http://www.w3.org/2000/svg"
          >
            <path
              d="M7.33331 12.6667V8.66668H3.33331V7.33334H7.33331V3.33334H8.66665V7.33334H12.6666V8.66668H8.66665V12.6667H7.33331Z"
              fill="#1A1A1A"
            />
          </svg>
        </span>
      </button>
    </div>
  </div>
</div>
`;
